  token 24578: enableIrm: agree (success)
  token 24578: enableLltv: agree (success)
  token 24578: enableLltv: agree (success)
  token 24578: setFeeRecipient: agree (success)
  token 24578: createMarket: agree (success)
  token 24578: createMarket: agree (success)
  token 24578: supply: agree (success)
  token 24578: supplyCollateral: agree (success)
  token 24578: borrow: agree (success)
  token 24578: repay: agree (success)
  token 24578: withdraw: agree (success)
  token 24578: withdrawCollateral: agree (success)
  token 24578: setFee: agree (success)
  token 24578: accrueInterest: agree (success)
  token 24578: flashLoan: agree (success)
  token 24578: setAuthorization: agree (success)
  token 24578: borrow: agree (success)
  token 24578: supply: agree (success)
  token 24578: supplyCollateral: agree (success)
  token 24578: borrow: agree (success)
  token 24578: liquidate: agree (success)
  token 24578: liquidate: agree (success)
  token 24578: position: agree (success)
  token 24578: market: agree (success)
  token 24578: idToMarketParams: agree (success)
  token 24578: extSloads: agree (success)
  token 24578: setOwner: agree (success)
  token 24579: enableIrm: agree (success)
  token 24579: enableLltv: agree (success)
  token 24579: enableLltv: agree (success)
  token 24579: setFeeRecipient: agree (success)
  token 24579: createMarket: agree (success)
  token 24579: createMarket: agree (success)
  token 24579: supply: agree (success)
  token 24579: supplyCollateral: agree (success)
  token 24579: borrow: agree (success)
  token 24579: repay: agree (success)
  token 24579: withdraw: agree (success)
  token 24579: withdrawCollateral: agree (success)
  token 24579: setFee: agree (success)
  token 24579: accrueInterest: agree (success)
  token 24579: flashLoan: agree (success)
  token 24579: setAuthorization: agree (success)
  token 24579: borrow: agree (success)
  token 24579: supply: agree (success)
  token 24579: supplyCollateral: agree (success)
  token 24579: borrow: agree (success)
  token 24579: liquidate: agree (success)
  token 24579: liquidate: agree (success)
  token 24579: position: agree (success)
  token 24579: market: agree (success)
  token 24579: idToMarketParams: agree (success)
  token 24579: extSloads: agree (success)
  token 24579: setOwner: agree (success)
  signature dirty v / static: agree (static halt)
  signature dirty v / mutable: agree (revert)
  signature dirty v 511 / static: agree (static halt)
  signature dirty v 511 / mutable: agree (revert)
  signature canonical v / static: agree (static halt)
  signature wrong nonce / static: agree (static halt)
  signature wrong nonce / mutable: agree (revert)
  signature expired / static: agree (revert)
  signature dirty authorization bool: agree (revert)
  signature short signature: agree (revert)
Morpho scenarios: 66 cases: 66 agree (56 successful), 0 disagree, 0 stuck, 0 EVM out of gas, 0 spec out of fuel
  successful/cases: constructor 2/2, enableIrm(address) 2/2, enableLltv(uint256) 4/4, setFeeRecipient(address) 2/2, createMarket((address,address,address,address,uint256)) 4/4, supply((address,address,address,address,uint256),uint256,uint256,address,bytes) 4/4, supplyCollateral((address,address,address,address,uint256),uint256,address,bytes) 4/4, borrow((address,address,address,address,uint256),uint256,uint256,address,address) 6/6, repay((address,address,address,address,uint256),uint256,uint256,address,bytes) 2/2, withdraw((address,address,address,address,uint256),uint256,uint256,address,address) 2/2, withdrawCollateral((address,address,address,address,uint256),uint256,address,address) 2/2, setFee((address,address,address,address,uint256),uint256) 2/2, accrueInterest((address,address,address,address,uint256)) 2/2, flashLoan(address,uint256,bytes) 2/2, setAuthorization(address,bool) 2/2, liquidate((address,address,address,address,uint256),address,uint256,uint256,bytes) 4/4, position(bytes32,address) 2/2, market(bytes32) 2/2, idToMarketParams(bytes32) 2/2, extSloads(bytes32[]) 2/2, setOwner(address) 2/2, setAuthorizationWithSig guards 0/10
